OTU-ID	Order
147940	o_Rhodocyclales
1139607	o_Rhodocyclales
4447105	o_Rhodocyclales
1110274	o_Rhodocyclales
332835	o_Rhodocyclales
4470706	o_Rhodocyclales
New.ReferenceOTU47221	o_Rhodocyclales
4470874	o_Rhodocyclales
4449950	o_Rhodocyclales
1141523	o_Rhodocyclales
1142119	o_Rhodocyclales
514550	o_Rhodocyclales
4348943	o_Rhodocyclales
New.ReferenceOTU53417	o_Rhodocyclales
New.ReferenceOTU52153	o_Actinomycetales
4341734	o_Actinomycetales
New.ReferenceOTU20422	o_Burkholderiales
New.ReferenceOTU25850	o_Cloacamonales
4464735	o_Neisseriales
3847840	o_Neisseriales
2558689	o_Neisseriales
New.ReferenceOTU57837	o_Neisseriales
New.ReferenceOTU48977	o_Neisseriales
4445508	o_Clostridiales
1120966	o_Burkholderiales
132814	o_Burkholderiales
822112	o_Burkholderiales
224042	o_Burkholderiales
332326	o_Burkholderiales
210485	o_Burkholderiales
New.ReferenceOTU38746	o_Burkholderiales
New.ReferenceOTU30417	o_Burkholderiales
New.ReferenceOTU5691	o_Burkholderiales
1140286	o_Burkholderiales
2272797	o_Lactobacillales
566025	o_Clostridiales
678109	o_Synergistales
4482516	o_Clostridiales
103802	o_Cytophagales
107738	o_Actinomycetales
750263	o_Rhizobiales
New.ReferenceOTU6862	o_Actinomycetales
545460	o_Actinomycetales
3167757	o_Burkholderiales
4345058	o_Actinomycetales
4301165	o_Burkholderiales
729833	o_Armatimonadales
4477199	o_Burkholderiales
715163	o_Actinomycetales
756100	o_Actinomycetales
1119755	o_Burkholderiales
159950	o_Burkholderiales
4388545	o_Burkholderiales
813668	o_Actinomycetales
1523245	o_Burkholderiales
4423662	o_Gemmatales
3189294	o_Sphingomonadales
4451935	o_Methylophilales
4478992	o_Clostridiales
New.ReferenceOTU48351	o_Actinomycetales
New.ReferenceOTU29511	o_Gemmatales
4375703	o_Methylophilales
2801322	o_Gemmatales
103210	o_unclassified
4443003	o_Pirellulales
581541	o_Actinomycetales
846892	o_Pedosphaerales
463546	o_Burkholderiales
320797	o_Acidimicrobiales
97153	o_Burkholderiales
170339	o_Burkholderiales
1135190	o_Burkholderiales
412392	o_Burkholderiales
304640	o_Cytophagales
628299	o_Pirellulales
4478586	o_Actinomycetales
338840	o_Burkholderiales
4421534	o_Burkholderiales
4409398	o_Burkholderiales
New.ReferenceOTU52017	o_Chthoniobacterales
4388963	o_Burkholderiales
4357887	o_Rhizobiales
4409730	o_Clostridiales
328912	o_Burkholderiales
4461581	o_Gemmatales
New.ReferenceOTU13562	o_Burkholderiales
4395040	o_Solibacterales
3091248	o_Methylophilales
New.ReferenceOTU19413	o_Burkholderiales
154435	o_Xanthomonadales
4410004	o_Sphingobacteriales
4456142	o_Clostridiales
4417972	o_Pirellulales
4370348	o_Gemmatales
304212	o_Rhizobiales
331093	o_Actinomycetales
353224	o_Actinomycetales
1013213	o_Burkholderiales
354682	o_Burkholderiales
113128	o_Burkholderiales
353271	o_Rhodocyclales
2193695	o_Pirellulales
4445104	o_Burkholderiales
758877	o_Burkholderiales
4381109	o_Burkholderiales
727056	o_Burkholderiales
New.ReferenceOTU43530	o_Clostridiales
350458	o_Actinomycetales
244826	o_Pseudanabaenales
4444340	o_unclassified
4467949	o_Pirellulales
4383166	o_Burkholderiales
585904	o_Burkholderiales
334320	o_Sphingobacteriales
New.ReferenceOTU51473	o_Clostridiales
150430	o_Burkholderiales
4459929	o_Burkholderiales
315805	o_Rhodocyclales
100595	o_Actinomycetales
161616	o_Burkholderiales
339778	o_Acidimicrobiales
320222	o_Burkholderiales
328984	o_Actinomycetales
4453710	o_Burkholderiales
4408741	o_Sphingomonadales
New.ReferenceOTU29597	o_Actinomycetales
New.ReferenceOTU42209	o_Rhizobiales
New.ReferenceOTU17853	o_Clostridiales
New.ReferenceOTU3417	o_unclassified
239863	o_Clostridiales
New.ReferenceOTU5508	o_unclassified
333500	o_Rhodocyclales
726414	o_Actinomycetales
3438276	o_Clostridiales
242136	o_Sphingobacteriales
1087471	o_Sphingobacteriales
New.ReferenceOTU19781	o_Saprospirales
4308585	o_Acidimicrobiales
307281	o_Actinomycetales
617340	o_Burkholderiales
2641600	o_Xanthomonadales
141856	o_Flavobacteriales
4303858	o_Burkholderiales
4418832	o_Clostridiales
3951713	o_Burkholderiales
4343367	o_Actinomycetales
New.ReferenceOTU46459	o_Burkholderiales
25051	o_Burkholderiales
317507	o_Cytophagales
329883	o_Acidimicrobiales
4323373	o_Pirellulales
2770481	o_Burkholderiales
311619	o_Actinomycetales
1135798	o_Sphingomonadales
843964	o_Legionellales
535257	o_Chthoniobacterales
1855596	o_Burkholderiales
4296691	o_Legionellales
1127748	o_Burkholderiales
586939	o_Pirellulales
4395995	o_Burkholderiales
New.ReferenceOTU34148	o_Burkholderiales
New.ReferenceOTU3971	o_unclassified
142681	o_Actinomycetales
4343749	o_Pedosphaerales
1108275	o_Burkholderiales
2174312	o_Chthoniobacterales
349311	o_Rhizobiales
575768	o_Clostridiales
4410507	o_Burkholderiales
New.ReferenceOTU55584	o_Actinomycetales
706656	o_Sphingobacteriales
1141377	o_Burkholderiales
New.ReferenceOTU52886	o_Rhizobiales
355046	o_Saprospirales
New.ReferenceOTU17211	o_Actinomycetales
4415092	o_Actinomycetales
New.ReferenceOTU5455	o_Actinomycetales
364780	o_Rhizobiales
566578	o_Burkholderiales
955582	o_Xanthomonadales
310462	o_Pedosphaerales
584832	o_Actinomycetales
New.ReferenceOTU48796	o_unclassified
1147718	o_Burkholderiales
1128417	o_Acidimicrobiales
1127804	o_Burkholderiales
New.ReferenceOTU29403	o_Actinomycetales
1108643	o_Legionellales
New.ReferenceOTU18559	o_Pedosphaerales
New.ReferenceOTU14311	o_Actinomycetales
209883	o_Burkholderiales
242577	o_Actinomycetales
995583	o_Sphingobacteriales
100443	o_Saprospirales
New.ReferenceOTU47004	o_Actinomycetales
235424	o_Clostridiales
807278	o_Actinomycetales
New.ReferenceOTU1375	o_Actinomycetales
New.ReferenceOTU13504	o_Rhodocyclales
152835	o_Actinomycetales
4432516	o_Clostridiales
4388776	o_Rhodospirillales
New.ReferenceOTU25353	o_Clostridiales
740323	o_Rhodospirillales
619799	o_Burkholderiales
New.ReferenceOTU42645	o_Actinomycetales
1124268	o_Burkholderiales
306159	o_Burkholderiales
314077	o_Xanthomonadales
1554686	o_Burkholderiales
4418570	o_Saprospirales
New.ReferenceOTU35192	o_Burkholderiales
334067	o_Burkholderiales
4041792	o_Clostridiales
New.ReferenceOTU13906	o_Actinomycetales
3701020	o_Pedosphaerales
366977	o_Burkholderiales
319691	o_Actinomycetales
4448576	o_iii1-15
4426763	o_Burkholderiales
763765	o_Actinomycetales
New.ReferenceOTU27804	o_Clostridiales
224825	o_Burkholderiales
New.ReferenceOTU57448	o_Burkholderiales
New.ReferenceOTU39355	o_Burkholderiales
343569	o_Burkholderiales
4379869	o_Burkholderiales
119723	o_Burkholderiales
New.ReferenceOTU51225	o_Actinomycetales
247639	o_Clostridiales
38267	o_Burkholderiales
305984	o_Burkholderiales
357011	o_Rhodospirillales
3704352	o_Acidimicrobiales
564581	o_Clostridiales
New.ReferenceOTU31049	o_unclassified
4474081	o_Burkholderiales
New.ReferenceOTU32242	o_Rhizobiales
232138	o_Xanthomonadales
1145162	o_Burkholderiales
252268	o_Pirellulales
545507	o_Burkholderiales
144675	o_Rhizobiales
4472017	o_Burkholderiales
New.ReferenceOTU27145	o_Clostridiales
252325	o_Rhizobiales
96894	o_Actinomycetales
4090187	o_Burkholderiales
New.ReferenceOTU53777	o_unclassified
695365	o_Burkholderiales
586558	o_Actinomycetales
152386	o_Legionellales
290375	o_Clostridiales
New.ReferenceOTU40557	o_unclassified
New.ReferenceOTU47828	o_Actinomycetales
580578	o_Burkholderiales
New.ReferenceOTU42061	o_unclassified
95621	o_Methylophilales
New.ReferenceOTU38879	o_Burkholderiales
818509	o_Burkholderiales
4482563	o_Gemmatales
290241	o_Clostridiales
341702	o_Acidimicrobiales
New.ReferenceOTU10207	o_Burkholderiales
234802	o_Burkholderiales
788929	o_Burkholderiales
823671	o_Actinomycetales
11431	o_Actinomycetales
115161	o_Burkholderiales
7061	o_Burkholderiales
174353	o_Clostridiales
New.ReferenceOTU54416	o_Rhizobiales
New.ReferenceOTU53812	o_Armatimonadales
332569	o_Burkholderiales
307760	o_Actinomycetales
95883	o_Burkholderiales
4473305	o_unclassified
317424	o_Burkholderiales
625652	o_Rhizobiales
4296689	o_Actinomycetales
New.ReferenceOTU39866	o_Burkholderiales
New.ReferenceOTU6161	o_Burkholderiales
4400151	o_Clostridiales
New.ReferenceOTU6282	o_Sphingomonadales
818450	o_Burkholderiales
760417	o_Rhizobiales
4369121	o_Verrucomicrobiales
839270	o_Burkholderiales
New.ReferenceOTU22813	o_PHOS-HD29
New.ReferenceOTU48502	o_Rhodocyclales
New.ReferenceOTU9723	o_Sphingomonadales
1116348	o_Burkholderiales
563192	o_Acidimicrobiales
4345367	o_Methylophilales
231578	o_Rhizobiales
New.ReferenceOTU42897	o_Pedosphaerales
589983	o_Rhizobiales
4442093	o_iii1-15
541327	o_Gaiellales
New.ReferenceOTU2720	o_Burkholderiales
New.ReferenceOTU29475	o_unclassified
275810	o_unclassified
333489	o_unclassified
New.ReferenceOTU8058	o_Cytophagales
4043275	o_Clostridiales
New.ReferenceOTU33299	o_Actinomycetales
New.ReferenceOTU25797	o_Saprospirales
655141	o_SBla14
687497	o_Saprospirales
4475864	o_Burkholderiales
4376359	o_Burkholderiales
4329776	o_Clostridiales
256498	o_Acidimicrobiales
New.ReferenceOTU41364	o_unclassified
4396984	o_Neisseriales
New.ReferenceOTU27	o_JG30-KF-CM45
113271	o_iii1-15
New.ReferenceOTU24769	o_Burkholderiales
800713	o_Sphingobacteriales
1128321	o_Burkholderiales
843383	o_Legionellales
1898675	o_Burkholderiales
New.ReferenceOTU50173	o_Actinomycetales
143020	o_Flavobacteriales
163897	o_Burkholderiales
New.ReferenceOTU54428	o_Pedosphaerales
New.ReferenceOTU55841	o_Saprospirales
4308189	o_Burkholderiales
New.ReferenceOTU13127	o_Rhizobiales
557002	o_Saprospirales
New.ReferenceOTU38616	o_Actinomycetales
New.ReferenceOTU34624	o_Pedosphaerales
338048	o_Actinomycetales
579129	o_Pirellulales
New.ReferenceOTU40564	o_Rhizobiales
New.ReferenceOTU28066	o_Methylophilales
254888	o_Burkholderiales
New.ReferenceOTU28723	o_Legionellales
New.ReferenceOTU34698	o_Actinomycetales
New.ReferenceOTU46864	o_Gemmatales
339654	o_Actinomycetales
New.ReferenceOTU27945	o_unclassified
4378898	o_Rhizobiales
New.ReferenceOTU30085	o_Gemmatales
New.ReferenceOTU40538	o_Burkholderiales
325206	o_Burkholderiales
New.ReferenceOTU53751	o_Gemmatales
326741	o_Saprospirales
4466137	o_Bacteroidales
3926677	o_Burkholderiales
93726	o_Burkholderiales
37583	o_Burkholderiales
4396611	o_Sphingobacteriales
New.ReferenceOTU7845	o_Actinomycetales
106252	o_Burkholderiales
4458998	o_Solirubrobacterales
New.ReferenceOTU550	o_Chthoniobacterales
838940	o_Actinomycetales
New.ReferenceOTU19351	o_Sphingomonadales
144120	o_Saprospirales
New.ReferenceOTU6593	o_Clostridiales
4377483	o_Sphingobacteriales
556657	o_Burkholderiales
151596	o_Sphingomonadales
New.ReferenceOTU30090	o_Burkholderiales
771023	o_Rhizobiales
1054065	o_Cerasicoccales
New.ReferenceOTU48479	o_Clostridiales
New.ReferenceOTU58571	o_Actinomycetales
New.ReferenceOTU53452	o_Burkholderiales
New.ReferenceOTU9410	o_Actinomycetales
1133774	o_Sphingobacteriales
236694	o_Verrucomicrobiales
564103	o_Bacteroidales
105008	o_Alteromonadales
340929	o_Acidimicrobiales
New.ReferenceOTU48010	o_Burkholderiales
85393	o_Sphingobacteriales
New.ReferenceOTU33037	o_Rhizobiales
685193	o_Gemmatales
4305672	o_Burkholderiales
4296686	o_Acidimicrobiales
4351338	o_Rhodobacterales
541215	o_Saprospirales
319272	o_Actinomycetales
1099772	o_Rhodospirillales
1694811	o_Legionellales
New.ReferenceOTU4026	o_Burkholderiales
189793	o_Clostridiales
609008	o_Pirellulales
New.ReferenceOTU43119	o_Xanthomonadales
661442	o_Burkholderiales
340558	o_Burkholderiales
527762	o_YS2
New.ReferenceOTU17139	o_Phycisphaerales
New.ReferenceOTU44887	o_Rhizobiales
New.ReferenceOTU46738	o_Cytophagales
New.ReferenceOTU14918	o_Sphingomonadales
1139084	o_Burkholderiales
689696	o_Burkholderiales
New.ReferenceOTU24637	o_Actinomycetales
New.ReferenceOTU49779	o_Sphingomonadales
New.ReferenceOTU54188	o_Armatimonadales
New.ReferenceOTU35136	o_Burkholderiales
271012	o_Acidimicrobiales
New.ReferenceOTU24043	o_Actinomycetales
1148224	o_Burkholderiales
843469	o_Burkholderiales
328147	o_Acidimicrobiales
New.ReferenceOTU15330	o_Burkholderiales
New.ReferenceOTU7399	o_Burkholderiales
New.ReferenceOTU4637	o_Legionellales
New.ReferenceOTU53113	o_Clostridiales
119515	o_Burkholderiales
144554	o_Burkholderiales
228894	o_Lactobacillales
2194877	o_unclassified
217201	o_Rhodospirillales
635410	o_Burkholderiales
New.ReferenceOTU48171	o_Actinomycetales
659063	o_Bacteroidales
4365168	o_Bacteroidales
New.ReferenceOTU49206	o_Burkholderiales
330902	o_Burkholderiales
849585	o_Solirubrobacterales
New.ReferenceOTU16837	o_Burkholderiales
New.ReferenceOTU17890	o_Clostridiales
New.ReferenceOTU2431	o_Sediment-1
104281	o_Burkholderiales
4311953	o_Clostridiales
New.ReferenceOTU38649	o_Actinomycetales
3050215	o_Sphingobacteriales
New.ReferenceOTU3860	o_Rhodobacterales
606965	o_Burkholderiales
New.ReferenceOTU55435	o_Burkholderiales
166896	o_Clostridiales
511723	o_Burkholderiales
845979	o_PHOS-HD29
4335859	o_Sphingomonadales
New.ReferenceOTU51631	o_Rhodocyclales
4376072	o_Clostridiales
1904497	o_Clostridiales
New.ReferenceOTU1263	o_Burkholderiales
2194872	o_Burkholderiales
4299771	o_Burkholderiales
4337739	o_Actinomycetales
680006	o_unclassified
303963	o_Clostridiales
312041	o_Actinomycetales
New.ReferenceOTU48158	o_Chthoniobacterales
1640195	o_Rhodospirillales
593422	o_Clostridiales
3198356	o_Actinomycetales
New.ReferenceOTU10190	o_Acidimicrobiales
727513	o_Saprospirales
849642	o_Burkholderiales
4203053	o_Saprospirales
New.ReferenceOTU42366	o_Rhizobiales
New.ReferenceOTU24095	o_Burkholderiales
3116296	o_Burkholderiales
New.ReferenceOTU39432	o_Sphingobacteriales
850748	o_MWH-UniP1
4357500	o_Burkholderiales
810882	o_iii1-15
850642	o_Clostridiales
811427	o_Burkholderiales
311244	o_Alteromonadales
4326874	o_Burkholderiales
New.ReferenceOTU31885	o_Actinomycetales
798621	o_Sphingomonadales
1106617	o_Burkholderiales
New.ReferenceOTU20394	o_unclassified
7046	o_Burkholderiales
New.ReferenceOTU48356	o_Burkholderiales
4356713	o_Burkholderiales
4427892	o_Acidimicrobiales
New.ReferenceOTU18114	o_Burkholderiales
New.ReferenceOTU43526	o_unclassified
305871	o_Cerasicoccales
940737	o_Burkholderiales
4392826	o_Sphingobacteriales
New.ReferenceOTU41754	o_Actinomycetales
2770963	o_Bacteroidales
4335861	o_Roseiflexales
New.ReferenceOTU32184	o_Chthoniobacterales
576633	o_Sphingobacteriales
New.ReferenceOTU26640	o_Burkholderiales
New.ReferenceOTU38550	o_Rhodospirillales
270517	o_Actinomycetales
519104	o_Rhodospirillales
100208	o_Burkholderiales
302909	o_Clostridiales
1053194	o_Xanthomonadales
New.ReferenceOTU32822	o_Legionellales
New.ReferenceOTU56503	o_Actinomycetales
1124040	o_unclassified
New.ReferenceOTU14331	o_Rhizobiales
6674	o_Rhodocyclales
246450	o_Burkholderiales
305567	o_unclassified
151232	o_Nitrosomonadales
4364744	o_Clostridiales
589088	o_Acidimicrobiales
1139344	o_Rhizobiales
New.ReferenceOTU16703	o_Burkholderiales
4460376	o_Pirellulales
New.ReferenceOTU10900	o_Chthoniobacterales
New.ReferenceOTU38169	o_Pirellulales
New.ReferenceOTU58846	o_Actinomycetales
2174311	o_Burkholderiales
New.ReferenceOTU45049	o_Chthoniobacterales
554820	o_Bacteroidales
4253231	o_Caulobacterales
New.ReferenceOTU19825	o_Actinomycetales
435928	o_Actinomycetales
4318690	o_Burkholderiales
4382194	o_Saprospirales
New.ReferenceOTU27909	o_Rhizobiales
New.ReferenceOTU49332	o_Chthoniobacterales
New.ReferenceOTU49470	o_Actinomycetales
New.ReferenceOTU1012	o_Rhizobiales
621287	o_Burkholderiales
1138828	o_Burkholderiales
New.ReferenceOTU32777	o_Rickettsiales
4453524	o_Burkholderiales
New.ReferenceOTU11595	o_Rhodocyclales
New.ReferenceOTU36963	o_unclassified
New.ReferenceOTU6827	o_Rhizobiales
New.ReferenceOTU17057	o_Burkholderiales
205245	o_Burkholderiales
4481624	o_Clostridiales
New.ReferenceOTU19192	o_Rhodocyclales
17198	o_Burkholderiales
New.ReferenceOTU22286	o_Actinomycetales
New.ReferenceOTU24122	o_Flavobacteriales
New.ReferenceOTU26655	o_Pedosphaerales
New.ReferenceOTU44856	o_unclassified
New.ReferenceOTU22231	o_Rhodocyclales
305809	o_Burkholderiales
319139	o_Methylophilales
1852712	o_Bacteroidales
New.ReferenceOTU3593	o_Rhodocyclales
New.ReferenceOTU38026	o_Xanthomonadales
661793	o_Saprospirales
2440554	o_Alteromonadales
4366725	o_Aeromonadales
New.ReferenceOTU7809	o_Clostridiales
717874	o_Actinomycetales
2801319	o_Burkholderiales
564587	o_Rhodospirillales
565900	o_Xanthomonadales
4363537	o_Burkholderiales
546434	o_Burkholderiales
New.ReferenceOTU3048	o_unclassified
New.ReferenceOTU50807	o_Myxococcales
4423027	o_Enterobacteriales
New.ReferenceOTU28555	o_Actinomycetales
New.ReferenceOTU38061	o_Acidimicrobiales
1656940	o_Burkholderiales
4352855	o_MWH-UniP1
New.ReferenceOTU22239	o_Sphingobacteriales
230687	o_Roseiflexales
1048864	o_iii1-15
4422321	o_Burkholderiales
New.ReferenceOTU37435	o_Myxococcales
New.ReferenceOTU51944	o_Methylophilales
799231	o_Saprospirales
807721	o_Bacteroidales
830978	o_Actinomycetales
81611	o_Burkholderiales
2209903	o_Burkholderiales
New.ReferenceOTU42451	o_Rhodocyclales
New.ReferenceOTU52318	o_Rhodocyclales
4317276	o_Burkholderiales
New.ReferenceOTU34046	o_Rhodocyclales
New.ReferenceOTU40011	o_Actinomycetales
835591	o_Burkholderiales
4340506	o_Burkholderiales
New.ReferenceOTU44309	o_unclassified
1143180	o_Cenarchaeales
New.ReferenceOTU26823	o_Synechococcales
New.ReferenceOTU41555	o_Rhodocyclales
160290	o_unclassified
257891	o_Ellin329
775954	o_Saprospirales
813575	o_Burkholderiales
4434564	o_Burkholderiales
New.ReferenceOTU56217	o_unclassified
101445	o_Methylophilales
144203	o_Burkholderiales
4466827	o_Burkholderiales
New.ReferenceOTU14916	o_MND1
New.ReferenceOTU53130	o_Burkholderiales
New.ReferenceOTU39083	o_Rhizobiales
133044	o_Sphingomonadales
New.ReferenceOTU13206	o_Acidimicrobiales
New.ReferenceOTU18162	o_Burkholderiales
New.ReferenceOTU35764	o_Burkholderiales
346974	o_Clostridiales
New.ReferenceOTU1701	o_Clostridiales
New.ReferenceOTU33496	o_Burkholderiales
106732	o_Rhizobiales
New.ReferenceOTU48909	o_Actinomycetales
New.ReferenceOTU53548	o_Burkholderiales
New.ReferenceOTU27435	o_Burkholderiales
New.ReferenceOTU44716	o_Rhodocyclales
New.ReferenceOTU24390	o_Gemmatales
4098424	o_CL500-15
New.ReferenceOTU3456	o_Flavobacteriales
1094923	o_Actinomycetales
4397466	o_unclassified
336824	o_Burkholderiales
340661	o_unclassified
291421	o_Burkholderiales
New.ReferenceOTU16322	o_Burkholderiales
New.ReferenceOTU21081	o_Burkholderiales
New.ReferenceOTU3113	o_Gemmatales
New.ReferenceOTU42806	o_unclassified
New.ReferenceOTU49860	o_Actinomycetales
New.ReferenceOTU1707	o_Rhodocyclales
New.ReferenceOTU36393	o_Actinomycetales
59851	o_Actinomycetales
753378	o_Rhodocyclales
804948	o_Xanthomonadales
4389066	o_Clostridiales
New.ReferenceOTU3119	o_Xanthomonadales
346142	o_unclassified
New.ReferenceOTU16440	o_Sphingobacteriales
New.ReferenceOTU51647	o_Gemmatales
512654	o_unclassified
4395045	o_Solibacterales
4401161	o_unclassified
622654	o_PHOS-HD29
New.ReferenceOTU35541	o_Actinomycetales
New.ReferenceOTU58492	o_Rhodocyclales
New.ReferenceOTU5615	o_Burkholderiales
New.ReferenceOTU9869	o_Actinomycetales
529782	o_unclassified
New.ReferenceOTU34204	o_Actinomycetales
813109	o_Saprospirales
New.ReferenceOTU52597	o_unclassified
269386	o_YS2
2234409	o_Actinomycetales
New.ReferenceOTU47823	o_Rhodobacterales
511659	o_Burkholderiales
New.ReferenceOTU33052	o_Burkholderiales
New.ReferenceOTU38642	o_Gemmatales
New.ReferenceOTU53879	o_Clostridiales
141461	o_Xanthomonadales
4303191	o_Rhizobiales
4406766	o_Burkholderiales
New.ReferenceOTU14124	o_Gemmatales
New.ReferenceOTU45379	o_Actinomycetales
New.ReferenceOTU52486	o_Sphingobacteriales
New.ReferenceOTU7548	o_Xanthomonadales
New.ReferenceOTU9722	o_unclassified
825276	o_SC-I-84
New.ReferenceOTU39364	o_Burkholderiales
New.ReferenceOTU55236	o_unclassified
550517	o_Syntrophobacterales
575472	o_Flavobacteriales
805785	o_Oceanospirillales
4348946	o_Burkholderiales
New.ReferenceOTU30218	o_Rhodospirillales
New.ReferenceOTU55656	o_Armatimonadales
759624	o_Burkholderiales
New.ReferenceOTU19389	o_Actinomycetales
New.ReferenceOTU22097	o_Burkholderiales
New.ReferenceOTU32248	o_Armatimonadales
New.ReferenceOTU7481	o_Pirellulales
197060	o_Clostridiales
New.ReferenceOTU42101	o_unclassified
832166	o_Methylophilales
905743	o_Bacteroidales
New.ReferenceOTU37073	o_Burkholderiales
New.ReferenceOTU37748	o_Actinomycetales
72607	o_Burkholderiales
New.ReferenceOTU33015	o_Burkholderiales
New.ReferenceOTU6183	o_Clostridiales
New.ReferenceOTU6578	o_unclassified
4328906	o_Burkholderiales
New.ReferenceOTU11693	o_Actinomycetales
New.ReferenceOTU14218	o_Armatimonadales
New.ReferenceOTU27670	o_unclassified
New.ReferenceOTU36039	o_Burkholderiales
New.ReferenceOTU28174	o_Rickettsiales
New.ReferenceOTU48665	o_Solibacterales
1133464	o_Saprospirales
New.ReferenceOTU2405	o_Actinomycetales
New.ReferenceOTU36966	o_Burkholderiales
New.ReferenceOTU43097	o_Gemmatales
New.ReferenceOTU27292	o_Actinomycetales
New.ReferenceOTU54763	o_Actinomycetales
578750	o_Acidimicrobiales
New.ReferenceOTU4490	o_Burkholderiales
New.ReferenceOTU47262	o_Clostridiales
667312	o_Actinomycetales
New.ReferenceOTU24831	o_unclassified
New.ReferenceOTU26015	o_Burkholderiales
306704	o_Clostridiales
4381916	o_Saprospirales
New.ReferenceOTU12329	o_Actinomycetales
New.ReferenceOTU21199	o_Actinomycetales
New.ReferenceOTU26696	o_Burkholderiales
New.ReferenceOTU29432	o_Sphingomonadales
New.ReferenceOTU33799	o_Acidimicrobiales
533024	o_Sphingobacteriales
836386	o_Aeromonadales
New.ReferenceOTU12944	o_Rhodocyclales
New.ReferenceOTU41772	o_Saprospirales
New.ReferenceOTU50607	o_Actinomycetales
New.ReferenceOTU51920	o_TK10
New.ReferenceOTU5484	o_Rhizobiales
New.ReferenceOTU56037	o_unclassified
New.ReferenceOTU18372	o_Actinomycetales
New.ReferenceOTU20792	o_unclassified
New.ReferenceOTU55838	o_Rhodospirillales
369635	o_Erysipelotrichales
385807	o_YS2
537033	o_YS2
4462801	o_Burkholderiales
128171	o_Burkholderiales
658597	o_Pirellulales
4323897	o_Burkholderiales
New.ReferenceOTU1441	o_Burkholderiales
New.ReferenceOTU19018	o_WCHB1-50
New.ReferenceOTU42693	o_Actinomycetales
4369970	o_Burkholderiales
New.ReferenceOTU13184	o_Burkholderiales
New.ReferenceOTU31839	o_Rhodobacterales
New.ReferenceOTU3999	o_Sphingomonadales
New.ReferenceOTU8233	o_Burkholderiales
New.ReferenceOTU18810	o_Burkholderiales
New.ReferenceOTU24110	o_unclassified
New.ReferenceOTU2627	o_Burkholderiales
1121574	o_Clostridiales
4470872	o_Burkholderiales
New.ReferenceOTU26360	o_Burkholderiales
New.ReferenceOTU37608	o_Rhodospirillales
4434334	o_Clostridiales
New.ReferenceOTU18690	o_Actinomycetales
New.ReferenceOTU49711	o_Actinomycetales
New.ReferenceOTU50266	o_Burkholderiales
New.ReferenceOTU5032	o_Actinomycetales
New.ReferenceOTU53689	o_unclassified
New.ReferenceOTU16947	o_Rhodocyclales
New.ReferenceOTU31541	o_Actinomycetales
New.ReferenceOTU37601	o_Actinomycetales
New.ReferenceOTU40140	o_Methylophilales
New.ReferenceOTU43277	o_Actinomycetales
New.ReferenceOTU46023	o_unclassified
New.ReferenceOTU48854	o_Burkholderiales
4427090	o_Clostridiales
4428396	o_Oceanospirillales
New.ReferenceOTU18000	o_Cytophagales
New.ReferenceOTU27144	o_Actinomycetales
New.ReferenceOTU37975	o_unclassified
160626	o_Actinomycetales
New.ReferenceOTU46487	o_Pirellulales
New.ReferenceOTU49744	o_Sphingomonadales
New.ReferenceOTU7123	o_Actinomycetales
New.ReferenceOTU7691	o_Xanthomonadales
101884	o_unclassified
564557	o_Bacteroidales
617099	o_Burkholderiales
774400	o_Verrucomicrobiales
New.ReferenceOTU40993	o_Actinomycetales
99400	o_Saprospirales
1131874	o_Rhizobiales
2602828	o_Pedosphaerales
New.ReferenceOTU21240	o_unclassified
New.ReferenceOTU28381	o_unclassified
New.ReferenceOTU3790	o_unclassified
New.ReferenceOTU42264	o_Burkholderiales
New.ReferenceOTU48162	o_Actinomycetales
New.ReferenceOTU48664	o_Gemmatales
New.ReferenceOTU56302	o_Burkholderiales
New.ReferenceOTU9112	o_unclassified
578551	o_Sphingomonadales
New.ReferenceOTU37595	o_Rhodocyclales
89772	o_MWH-UniP1
276678	o_Burkholderiales
4375292	o_MIZ46
New.ReferenceOTU16972	o_Rhodocyclales
New.ReferenceOTU35286	o_Burkholderiales
New.ReferenceOTU57171	o_Actinomycetales
869471	o_Sphingomonadales
1122011	o_Burkholderiales
4330602	o_Gemmatales
New.ReferenceOTU32407	o_Burkholderiales
New.ReferenceOTU39055	o_Rhodospirillales
New.ReferenceOTU9384	o_Rhizobiales
16915	o_Bacteroidales
143343	o_Saprospirales
782472	o_Burkholderiales
New.ReferenceOTU19475	o_unclassified
New.ReferenceOTU2340	o_Actinomycetales
New.ReferenceOTU43809	o_Actinomycetales
New.ReferenceOTU4772	o_unclassified
709657	o_Rhodospirillales
New.ReferenceOTU1553	o_Burkholderiales
New.ReferenceOTU2884	o_Chthoniobacterales
New.ReferenceOTU53064	o_Actinomycetales
172808	o_Xanthomonadales
250579	o_Burkholderiales
783719	o_Burkholderiales
New.ReferenceOTU31170	o_unclassified
4199936	o_unclassified
New.ReferenceOTU31450	o_Rhizobiales
3819483	o_unclassified
New.ReferenceOTU13322	o_Rhodobacterales
New.ReferenceOTU16561	o_Actinomycetales
New.ReferenceOTU23698	o_Saprospirales
New.ReferenceOTU28536	o_Burkholderiales
New.ReferenceOTU35950	o_Rhodobacterales
New.ReferenceOTU36517	o_Burkholderiales
New.ReferenceOTU48080	o_RF39
843003	o_Burkholderiales
1105693	o_Burkholderiales
1124681	o_Burkholderiales
New.ReferenceOTU24998	o_Rhizobiales
New.ReferenceOTU32658	o_Actinomycetales
New.ReferenceOTU38020	o_Actinomycetales
New.ReferenceOTU44747	o_Armatimonadales
New.ReferenceOTU46823	o_Rhizobiales
New.ReferenceOTU54488	o_Actinomycetales
560101	o_Rhizobiales
814055	o_Rhizobiales
4343661	o_Burkholderiales
New.ReferenceOTU16228	o_Gemmatales
New.ReferenceOTU38452	o_Rhizobiales
New.ReferenceOTU52343	o_unclassified
New.ReferenceOTU8424	o_Clostridiales
New.ReferenceOTU11256	o_Sphingobacteriales
New.ReferenceOTU15987	o_YS2
New.ReferenceOTU24675	o_Burkholderiales
New.ReferenceOTU26629	o_unclassified
New.ReferenceOTU54929	o_Burkholderiales
828431	o_Rhizobiales
979941	o_Verrucomicrobiales
1128459	o_Rhodocyclales
4415338	o_Burkholderiales
New.ReferenceOTU26621	o_Burkholderiales
New.ReferenceOTU38915	o_Burkholderiales
New.ReferenceOTU42360	o_unclassified
New.ReferenceOTU43156	o_Rhodocyclales
New.ReferenceOTU46523	o_Burkholderiales
528336	o_Saprospirales
759271	o_Burkholderiales
845178	o_Pseudomonadales
1111342	o_Burkholderiales
New.ReferenceOTU17268	o_Saprospirales
New.ReferenceOTU28348	o_Burkholderiales
New.ReferenceOTU437	o_unclassified
New.ReferenceOTU46889	o_Saprospirales
New.ReferenceOTU53762	o_Legionellales
550926	o_Acidimicrobiales
651643	o_Burkholderiales
4353264	o_Caulobacterales
4475690	o_Burkholderiales
New.ReferenceOTU14454	o_Burkholderiales
New.ReferenceOTU18189	o_Saprospirales
New.ReferenceOTU30829	o_Actinomycetales
New.ReferenceOTU42329	o_Flavobacteriales
New.ReferenceOTU44715	o_unclassified
New.ReferenceOTU48868	o_Burkholderiales
New.ReferenceOTU53500	o_Burkholderiales
151725	o_iii1-15
565090	o_Bacteroidales
2440548	o_Burkholderiales
4424338	o_Rhizobiales
New.ReferenceOTU12295	o_unclassified
New.ReferenceOTU17284	o_Burkholderiales
New.ReferenceOTU24847	o_Actinomycetales
New.ReferenceOTU42174	o_Rickettsiales
New.ReferenceOTU49143	o_unclassified
1645783	o_Phycisphaerales
4414053	o_Phycisphaerales
New.ReferenceOTU25626	o_Actinomycetales
New.ReferenceOTU31385	o_Burkholderiales
New.ReferenceOTU43123	o_Burkholderiales
New.ReferenceOTU48361	o_Methylophilales
2440017	o_Sphingobacteriales
New.ReferenceOTU16710	o_Burkholderiales
New.ReferenceOTU19411	o_Burkholderiales
New.ReferenceOTU24142	o_Burkholderiales
New.ReferenceOTU39456	o_Actinomycetales
New.ReferenceOTU46579	o_Rhodocyclales
New.ReferenceOTU50253	o_Burkholderiales
New.ReferenceOTU53705	o_Sphingomonadales
New.ReferenceOTU54720	o_Actinomycetales
141105	o_Pseudomonadales
589810	o_Myxococcales
589946	o_Rhodobacterales
New.ReferenceOTU20614	o_Actinomycetales
New.ReferenceOTU20971	o_Burkholderiales
New.ReferenceOTU23856	o_Burkholderiales
New.ReferenceOTU32625	o_Burkholderiales
New.ReferenceOTU40776	o_Actinomycetales
New.ReferenceOTU58551	o_Enterobacteriales
772368	o_Rhodospirillales
1011476	o_Acidimicrobiales
1104825	o_Burkholderiales
3700608	o_Burkholderiales
New.ReferenceOTU10618	o_Rhodocyclales
New.ReferenceOTU20303	o_Burkholderiales
New.ReferenceOTU49968	o_Burkholderiales
New.ReferenceOTU52442	o_Rhodocyclales
New.ReferenceOTU56686	o_Actinomycetales
560147	o_Pedosphaerales
805099	o_Clostridiales
844510	o_TK10
New.ReferenceOTU14280	o_Actinomycetales
New.ReferenceOTU58236	o_unclassified
New.ReferenceOTU8467	o_Actinomycetales
208284	o_Burkholderiales
512321	o_MND1
New.ReferenceOTU12084	o_Actinomycetales
New.ReferenceOTU21959	o_Saprospirales
New.ReferenceOTU7616	o_Burkholderiales
New.ReferenceOTU8976	o_Burkholderiales
20395	o_Myxococcales
566212	o_Rhizobiales
New.ReferenceOTU13407	o_Rhizobiales
New.ReferenceOTU2235	o_Actinomycetales
New.ReferenceOTU40238	o_Rhizobiales
New.ReferenceOTU47650	o_Actinomycetales
New.ReferenceOTU53017	o_unclassified
New.ReferenceOTU57943	o_Clostridiales
New.ReferenceOTU9742	o_Actinomycetales
148878	o_Rickettsiales
160895	o_Rhizobiales
558742	o_Rickettsiales
783687	o_Burkholderiales
New.ReferenceOTU33099	o_Actinomycetales
New.ReferenceOTU43748	o_Saprospirales
New.ReferenceOTU54551	o_Actinomycetales
New.ReferenceOTU9274	o_Saprospirales
64384	o_Lactobacillales
306259	o_Clostridiales
4083690	o_Saprospirales
4437398	o_Pirellulales
New.ReferenceOTU22454	o_Pedosphaerales
New.ReferenceOTU22508	o_WCHD3-30
New.ReferenceOTU30462	o_Gaiellales
New.ReferenceOTU33785	o_unclassified
New.ReferenceOTU3775	o_Rhodocyclales
New.ReferenceOTU46691	o_Burkholderiales
New.ReferenceOTU48599	o_Burkholderiales
New.ReferenceOTU50766	o_Burkholderiales
New.ReferenceOTU7563	o_Clostridiales
New.ReferenceOTU8042	o_Actinomycetales
323881	o_Burkholderiales
619616	o_Sphingobacteriales
New.ReferenceOTU15394	o_unclassified
New.ReferenceOTU19230	o_Cytophagales
New.ReferenceOTU41210	o_Rhodocyclales
New.ReferenceOTU41307	o_unclassified
New.ReferenceOTU41562	o_Burkholderiales
New.ReferenceOTU43933	o_Armatimonadales
327197	o_Burkholderiales
1119551	o_Burkholderiales
2318497	o_Clostridiales
3546343	o_Clostridiales
4352242	o_YS2
New.ReferenceOTU16234	o_Burkholderiales
New.ReferenceOTU19010	o_Roseiflexales
New.ReferenceOTU25227	o_Chthoniobacterales
1108830	o_Rhizobiales
1114921	o_Burkholderiales
4417850	o_unclassified
4424963	o_Xanthomonadales
New.ReferenceOTU1126	o_Xanthomonadales
New.ReferenceOTU13118	o_Burkholderiales
New.ReferenceOTU42566	o_Burkholderiales
207133	o_SC-I-84
254002	o_Saprospirales
672144	o_Burkholderiales
727894	o_Acidimicrobiales
3542608	o_Sphingomonadales
4363095	o_Legionellales
New.ReferenceOTU10833	o_Methylophilales
New.ReferenceOTU13853	o_Actinomycetales
New.ReferenceOTU24366	o_Burkholderiales
New.ReferenceOTU25820	o_Clostridiales
New.ReferenceOTU26197	o_Actinomycetales
New.ReferenceOTU32282	o_Burkholderiales
New.ReferenceOTU34316	o_Burkholderiales
New.ReferenceOTU37911	o_Actinomycetales
New.ReferenceOTU54925	o_Burkholderiales
New.ReferenceOTU5978	o_Pedosphaerales
New.ReferenceOTU9770	o_Pirellulales
141750	o_Flavobacteriales
4187380	o_unclassified
4295403	o_Clostridiales
4318314	o_YS2
New.ReferenceOTU18357	o_unclassified
New.ReferenceOTU1907	o_Holophagales
New.ReferenceOTU21005	o_Rhizobiales
New.ReferenceOTU2432	o_Burkholderiales
New.ReferenceOTU27493	o_Burkholderiales
New.ReferenceOTU27810	o_Gemmatales
New.ReferenceOTU28906	o_Clostridiales
New.ReferenceOTU48050	o_Actinomycetales
New.ReferenceOTU51799	o_Burkholderiales
New.ReferenceOTU6276	o_Cytophagales
567712	o_Cytophagales
4397023	o_Rhodocyclales
4467134	o_WCHB1-41
New.ReferenceOTU12903	o_Actinomycetales
New.ReferenceOTU49045	o_Actinomycetales
New.ReferenceOTU51238	o_Armatimonadales
New.ReferenceOTU7947	o_Burkholderiales
557255	o_unclassified
New.ReferenceOTU31873	o_Rhizobiales
New.ReferenceOTU57760	o_Rhodobacterales
619918	o_Solibacterales
4385422	o_Rhizobiales
4392746	o_Saprospirales
4447718	o_Pedosphaerales
4469172	o_Rickettsiales
New.ReferenceOTU17545	o_Burkholderiales
New.ReferenceOTU18719	o_Actinomycetales
New.ReferenceOTU29425	o_Actinomycetales
New.ReferenceOTU41037	o_Burkholderiales
New.ReferenceOTU42403	o_Actinomycetales
New.ReferenceOTU44444	o_Bacteroidales
New.ReferenceOTU45996	o_Burkholderiales
143746	o_Rickettsiales
251255	o_Burkholderiales
327741	o_Clostridiales
New.ReferenceOTU18807	o_Sphingomonadales
New.ReferenceOTU25982	o_Sphingomonadales
New.ReferenceOTU28089	o_Pedosphaerales
New.ReferenceOTU31371	o_Gemmatales
New.ReferenceOTU37631	o_Burkholderiales
New.ReferenceOTU37862	o_Actinomycetales
New.ReferenceOTU38663	o_Actinomycetales
New.ReferenceOTU52939	o_Sphingomonadales
New.ReferenceOTU56140	o_Actinomycetales
692284	o_Nitrosomonadales
1072854	o_unclassified
New.ReferenceOTU14116	o_unclassified
New.ReferenceOTU21965	o_Burkholderiales
New.ReferenceOTU2851	o_Burkholderiales
New.ReferenceOTU31060	o_Rhodobacterales
New.ReferenceOTU35569	o_Burkholderiales
New.ReferenceOTU41720	o_Saprospirales
New.ReferenceOTU50286	o_Actinomycetales
New.ReferenceOTU53918	o_Rhodocyclales
New.ReferenceOTU5817	o_Burkholderiales
196346	o_Clostridiales
819702	o_Burkholderiales
New.ReferenceOTU21447	o_Actinomycetales
New.ReferenceOTU25651	o_Actinomycetales
New.ReferenceOTU30742	o_Burkholderiales
New.ReferenceOTU41064	o_Rhodobacterales
New.ReferenceOTU45945	o_Actinomycetales
New.ReferenceOTU49442	o_Actinomycetales
New.ReferenceOTU52708	o_Actinomycetales
New.ReferenceOTU58344	o_Burkholderiales
101880	o_Alteromonadales
102192	o_Clostridiales
584947	o_Sphingomonadales
864483	o_Rhizobiales
931643	o_Burkholderiales
4423663	o_Pirellulales
New.ReferenceOTU10201	o_Burkholderiales
New.ReferenceOTU12907	o_Actinomycetales
New.ReferenceOTU17453	o_Burkholderiales
New.ReferenceOTU1901	o_Burkholderiales
New.ReferenceOTU21628	o_Burkholderiales
New.ReferenceOTU24604	o_Burkholderiales
New.ReferenceOTU40857	o_Pirellulales
New.ReferenceOTU4168	o_Burkholderiales
New.ReferenceOTU45034	o_Rhizobiales
New.ReferenceOTU48744	o_Cytophagales
New.ReferenceOTU55704	o_YS2
New.ReferenceOTU55959	o_Chlamydiales
New.ReferenceOTU58681	o_unclassified
752630	o_Pirellulales
2751664	o_unclassified
New.ReferenceOTU1418	o_Burkholderiales
New.ReferenceOTU18882	o_Actinomycetales
New.ReferenceOTU23157	o_Burkholderiales
New.ReferenceOTU24301	o_Burkholderiales
New.ReferenceOTU25494	o_Burkholderiales
New.ReferenceOTU28361	o_Armatimonadales
New.ReferenceOTU28794	o_Burkholderiales
New.ReferenceOTU33422	o_Burkholderiales
New.ReferenceOTU41656	o_Solibacterales
New.ReferenceOTU49386	o_Bacteroidales
New.ReferenceOTU50491	o_unclassified
New.ReferenceOTU57583	o_unclassified
New.ReferenceOTU9575	o_Rhizobiales
577646	o_Bacteroidales
New.ReferenceOTU15562	o_Saprospirales
New.ReferenceOTU22419	o_Burkholderiales
New.ReferenceOTU28483	o_Burkholderiales
New.ReferenceOTU3580	o_Actinomycetales
New.ReferenceOTU41552	o_unclassified
New.ReferenceOTU45407	o_Burkholderiales
New.ReferenceOTU54729	o_Burkholderiales
New.ReferenceOTU5956	o_Burkholderiales
16733	o_Bacteroidales
99071	o_Burkholderiales
113782	o_iii1-15
143769	o_Saprospirales
370788	o_Burkholderiales
788519	o_MKC10
850305	o_Rhizobiales
New.ReferenceOTU17134	o_Burkholderiales
New.ReferenceOTU2557	o_Actinomycetales
New.ReferenceOTU29197	o_Actinomycetales
New.ReferenceOTU29701	o_Gemmatales
New.ReferenceOTU29933	o_unclassified
New.ReferenceOTU36256	o_Burkholderiales
New.ReferenceOTU45337	o_Burkholderiales
New.ReferenceOTU53186	o_Clostridiales
New.ReferenceOTU7140	o_iii1-15
New.ReferenceOTU8464	o_RF39
17679	o_Burkholderiales
354600	o_Legionellales
856343	o_Burkholderiales
1104963	o_Clostridiales
3197419	o_Clostridiales
4393622	o_unclassified
4421846	o_Xanthomonadales
New.ReferenceOTU15511	o_Actinomycetales
New.ReferenceOTU21847	o_Cloacamonales
New.ReferenceOTU31328	o_Gemmatales
New.ReferenceOTU41968	o_Gaiellales
New.ReferenceOTU45484	o_Xanthomonadales
665877	o_unclassified
701112	o_Rhizobiales
822040	o_Clostridiales
1116073	o_Xanthomonadales
New.ReferenceOTU22707	o_Burkholderiales
New.ReferenceOTU23196	o_Rhodocyclales
New.ReferenceOTU38268	o_Actinomycetales
New.ReferenceOTU39935	o_Rhodobacterales
New.ReferenceOTU42012	o_Burkholderiales
New.ReferenceOTU42196	o_Rhizobiales
New.ReferenceOTU7094	o_Burkholderiales
New.ReferenceOTU8541	o_Burkholderiales
82193	o_Burkholderiales
610655	o_Clostridiales
695117	o_Bacteroidales
797310	o_Burkholderiales
849553	o_Chthoniobacterales
996068	o_YS2
1812611	o_Saprospirales
4388687	o_Rhizobiales
New.ReferenceOTU19383	o_Methylophilales
New.ReferenceOTU32091	o_Actinomycetales
New.ReferenceOTU3422	o_Chthoniobacterales
New.ReferenceOTU36165	o_unclassified
New.ReferenceOTU54118	o_Actinomycetales
233959	o_MND1
358068	o_Burkholderiales
580865	o_Burkholderiales
805571	o_Rhodocyclales
3954606	o_Pirellulales
4408378	o_Burkholderiales
New.ReferenceOTU21822	o_unclassified
New.ReferenceOTU313	o_Clostridiales
New.ReferenceOTU45121	o_Rhodocyclales
New.ReferenceOTU53748	o_Actinomycetales
New.ReferenceOTU54436	o_MIZ46
New.ReferenceOTU56090	o_Cytophagales
New.ReferenceOTU58692	o_Burkholderiales
108479	o_Cloacamonales
3085831	o_Sphingomonadales
New.ReferenceOTU12026	o_Actinomycetales
New.ReferenceOTU1768	o_Burkholderiales
New.ReferenceOTU19370	o_Rhizobiales
New.ReferenceOTU28495	o_Actinomycetales
New.ReferenceOTU32759	o_Burkholderiales
New.ReferenceOTU34947	o_Actinomycetales
New.ReferenceOTU44989	o_Actinomycetales
New.ReferenceOTU52178	o_Burkholderiales
New.ReferenceOTU53223	o_Burkholderiales
New.ReferenceOTU53965	o_Cytophagales
New.ReferenceOTU58318	o_Burkholderiales
New.ReferenceOTU6251	o_unclassified
New.ReferenceOTU8735	o_Clostridiales
331274	o_unclassified
591942	o_Burkholderiales
812381	o_Xanthomonadales
1120116	o_Pedosphaerales
1127594	o_Burkholderiales
3217705	o_Pseudomonadales
New.ReferenceOTU13111	o_Burkholderiales
New.ReferenceOTU15221	o_Burkholderiales
New.ReferenceOTU16957	o_Clostridiales
New.ReferenceOTU19181	o_Burkholderiales
New.ReferenceOTU22092	o_Rhizobiales
New.ReferenceOTU2346	o_Actinomycetales
New.ReferenceOTU26225	o_Rhizobiales
New.ReferenceOTU31018	o_Actinomycetales
New.ReferenceOTU3138	o_Rhodobacterales
New.ReferenceOTU31590	o_Burkholderiales
New.ReferenceOTU35313	o_Xanthomonadales
New.ReferenceOTU357	o_Sphingobacteriales
New.ReferenceOTU39164	o_Clostridiales
New.ReferenceOTU51532	o_Actinomycetales
New.ReferenceOTU53837	o_Actinomycetales
New.ReferenceOTU53982	o_Actinomycetales
New.ReferenceOTU55222	o_Pedosphaerales
New.ReferenceOTU57008	o_Burkholderiales
50466	o_unclassified
114410	o_Burkholderiales
153593	o_unclassified
270402	o_Burkholderiales
312987	o_Methylophilales
805022	o_Aeromonadales
New.ReferenceOTU18926	o_Clostridiales
New.ReferenceOTU26121	o_Saprospirales
New.ReferenceOTU35352	o_Rhizobiales
New.ReferenceOTU37649	o_unclassified
New.ReferenceOTU40627	o_Rhodobacterales
New.ReferenceOTU44365	o_Actinomycetales
New.ReferenceOTU46602	o_Burkholderiales
New.ReferenceOTU48006	o_Actinomycetales
New.ReferenceOTU51921	o_Actinomycetales
New.ReferenceOTU56547	o_Actinomycetales
179930	o_Clostridiales
228710	o_Bacteroidales
591951	o_Clostridiales
813418	o_Sphingomonadales
4333648	o_Clostridiales
4369127	o_Solirubrobacterales
4414985	o_Bacillales
New.ReferenceOTU11490	o_Chthoniobacterales
New.ReferenceOTU15341	o_Cytophagales
New.ReferenceOTU23564	o_Actinomycetales
New.ReferenceOTU26209	o_Burkholderiales
New.ReferenceOTU27734	o_unclassified
New.ReferenceOTU27899	o_unclassified
New.ReferenceOTU30304	o_Rhizobiales
New.ReferenceOTU30409	o_Burkholderiales
New.ReferenceOTU35034	o_Actinomycetales
New.ReferenceOTU35846	o_envOPS12
New.ReferenceOTU5150	o_Burkholderiales
New.ReferenceOTU5360	o_Rhodobacterales
New.ReferenceOTU56238	o_Rhodocyclales
540718	o_Rhizobiales
561647	o_Burkholderiales
581900	o_Xanthomonadales
New.ReferenceOTU19746	o_Actinomycetales
New.ReferenceOTU23239	o_Actinomycetales
New.ReferenceOTU24459	o_Acidimicrobiales
New.ReferenceOTU2620	o_Actinomycetales
New.ReferenceOTU4126	o_Methylophilales
New.ReferenceOTU55657	o_Pirellulales
New.ReferenceOTU6584	o_Actinomycetales
New.ReferenceOTU8482	o_Actinomycetales
330923	o_Burkholderiales
589622	o_Clostridiales
781055	o_Burkholderiales
828311	o_Rhizobiales
993455	o_Chroococcales
1117404	o_Saprospirales
4456104	o_Burkholderiales
New.ReferenceOTU10602	o_Rhodocyclales
New.ReferenceOTU11007	o_Actinomycetales
New.ReferenceOTU12169	o_Actinomycetales
New.ReferenceOTU36385	o_Gemmatales
New.ReferenceOTU45215	o_unclassified
New.ReferenceOTU54384	o_Rhodospirillales
New.ReferenceOTU57227	o_Burkholderiales
New.ReferenceOTU6403	o_Flavobacteriales
New.ReferenceOTU6621	o_Burkholderiales
New.ReferenceOTU680	o_Actinomycetales
693641	o_Pirellulales
1092802	o_Bacteroidales
3040916	o_RF39
4325220	o_Bacteroidales
4425872	o_Saprospirales
New.ReferenceOTU12019	o_Burkholderiales
New.ReferenceOTU15912	o_Burkholderiales
New.ReferenceOTU18169	o_Rhodocyclales
New.ReferenceOTU18647	o_Rhizobiales
New.ReferenceOTU22878	o_Chthoniobacterales
New.ReferenceOTU29652	o_Actinomycetales
New.ReferenceOTU30429	o_YS2
New.ReferenceOTU31527	o_Sphingobacteriales
New.ReferenceOTU38496	o_Bdellovibrionales
New.ReferenceOTU49543	o_Burkholderiales
New.ReferenceOTU9423	o_Burkholderiales
225259	o_Burkholderiales
232505	o_Bacteroidales
236367	o_SC-I-84
2272791	o_Clostridiales
New.ReferenceOTU11869	o_Pirellulales
New.ReferenceOTU14167	o_unclassified
New.ReferenceOTU21550	o_Burkholderiales
New.ReferenceOTU26872	o_Armatimonadales
New.ReferenceOTU34662	o_Sphingomonadales
New.ReferenceOTU34957	o_Actinomycetales
New.ReferenceOTU35876	o_Burkholderiales
New.ReferenceOTU37556	o_YS2
New.ReferenceOTU37847	o_Cytophagales
New.ReferenceOTU40669	o_unclassified
New.ReferenceOTU45462	o_Rhizobiales
New.ReferenceOTU50142	o_Burkholderiales
New.ReferenceOTU53718	o_Burkholderiales
New.ReferenceOTU56840	o_unclassified
New.ReferenceOTU57191	o_Pedosphaerales
New.ReferenceOTU8769	o_Gemmatales
New.ReferenceOTU9258	o_Clostridiales
New.ReferenceOTU9843	o_Actinomycetales
New.ReferenceOTU9988	o_Clostridiales
305406	o_Burkholderiales
830605	o_Aeromonadales
4465124	o_Clostridiales
New.ReferenceOTU15569	o_Actinomycetales
New.ReferenceOTU18503	o_Sphingomonadales
New.ReferenceOTU19162	o_Myxococcales
New.ReferenceOTU24229	o_Gemmatales
New.ReferenceOTU29260	o_Burkholderiales
New.ReferenceOTU3384	o_Methylophilales
New.ReferenceOTU41238	o_Rhodocyclales
New.ReferenceOTU44141	o_Actinomycetales
New.ReferenceOTU46267	o_Burkholderiales
New.ReferenceOTU48610	o_Burkholderiales
New.ReferenceOTU50168	o_Actinomycetales
New.ReferenceOTU51765	o_Burkholderiales
New.ReferenceOTU54010	o_Burkholderiales
New.ReferenceOTU6176	o_Legionellales
New.ReferenceOTU9174	o_Burkholderiales
248902	o_Turicibacterales
New.ReferenceOTU3284	o_Turicibacterales
347529	o_Turicibacterales
New.ReferenceOTU5294	o_Turicibacterales
New.ReferenceOTU599	o_Turicibacterales
New.ReferenceOTU49134	o_Turicibacterales
New.ReferenceOTU14774	o_Turicibacterales
341322	o_Turicibacterales
New.ReferenceOTU5270	o_Turicibacterales
New.ReferenceOTU24297	o_Turicibacterales
New.ReferenceOTU19104	o_Turicibacterales
294885	o_Turicibacterales
New.ReferenceOTU14295	o_Turicibacterales
New.ReferenceOTU5996	o_Turicibacterales
New.ReferenceOTU28695	o_Turicibacterales
New.ReferenceOTU41739	o_Turicibacterales
New.ReferenceOTU19993	o_Turicibacterales
New.ReferenceOTU44322	o_Turicibacterales
New.ReferenceOTU14740	o_Turicibacterales
New.ReferenceOTU49886	o_Turicibacterales
New.ReferenceOTU47921	o_Turicibacterales
New.ReferenceOTU31807	o_Turicibacterales
New.ReferenceOTU56375	o_Turicibacterales
New.ReferenceOTU10980	o_Turicibacterales
New.ReferenceOTU55373	o_Turicibacterales
New.ReferenceOTU56662	o_Aeromonadales
4439030	o_Aeromonadales
212126	o_Aeromonadales
640833	o_Chromatiales
711023	o_Xanthomonadales
4248036	o_Xanthomonadales
4345313	o_Xanthomonadales
New.ReferenceOTU33064	o_Xanthomonadales
1779302	o_Xanthomonadales
159126	o_Rhodocyclales
4441044	o_Rhodocyclales
517972	o_Rhodocyclales
647437	o_Syntrophobacterales
4253236	o_Synechococcales
1141722	o_Synechococcales
551717	o_Synechococcales
4392747	o_Synechococcales
New.ReferenceOTU12698	o_Synechococcales
1132781	o_Synechococcales
New.ReferenceOTU1432	o_Synechococcales
New.ReferenceOTU39716	o_Synechococcales
New.ReferenceOTU51913	o_Synechococcales
New.ReferenceOTU49498	o_Synechococcales
108491	o_Campylobacterales
323221	o_Rhodocyclales
4334437	o_Rhodocyclales
806497	o_Clostridiales
237444	o_Lactobacillales
New.ReferenceOTU27874	o_Lactobacillales
New.ReferenceOTU11953	o_Lactobacillales
288249	o_Lactobacillales
532232	o_Lactobacillales
332718	o_Lactobacillales
New.ReferenceOTU35653	o_Lactobacillales
3244896	o_Lactobacillales
New.ReferenceOTU34288	o_Lactobacillales
593848	o_Xanthomonadales
635524	o_Xanthomonadales
1111449	o_Xanthomonadales
276010	o_Xanthomonadales
580992	o_Sphingomonadales
585708	o_Sphingomonadales
1119886	o_Sphingomonadales
321586	o_Sphingomonadales
4455956	o_Sphaerochaetales
4444585	o_Sphaerochaetales
678717	o_Clostridiales
331865	o_Clostridiales
345322	o_Clostridiales
1758401	o_Clostridiales
303326	o_Clostridiales
255034	o_Clostridiales
1768385	o_Clostridiales
182891	o_Clostridiales
New.ReferenceOTU46648	o_Clostridiales
New.ReferenceOTU2045	o_Clostridiales
New.ReferenceOTU1841	o_Clostridiales
New.ReferenceOTU24561	o_Burkholderiales
New.ReferenceOTU10146	o_Burkholderiales
New.ReferenceOTU44357	o_Burkholderiales
809437	o_Clostridiales
3447863	o_Saprospirales
70346	o_Saprospirales
808071	o_Saprospirales
New.ReferenceOTU24081	o_Saprospirales
4111963	o_Saprospirales
2792167	o_Saprospirales
4387187	o_Saprospirales
New.ReferenceOTU41399	o_Saprospirales
New.ReferenceOTU22113	o_Saprospirales
New.ReferenceOTU9016	o_Saprospirales
4423750	o_Saprospirales
New.ReferenceOTU1300	o_Saprospirales
New.ReferenceOTU40996	o_Saprospirales
New.ReferenceOTU55471	o_Saprospirales
New.ReferenceOTU11784	o_Saprospirales
New.ReferenceOTU36902	o_Saprospirales
772410	o_Saprospirales
4338644	o_Clostridiales
296188	o_Clostridiales
New.ReferenceOTU19526	o_Saprospirales
1656943	o_Cytophagales
204705	o_Clostridiales
146554	o_Clostridiales
43052	o_Clostridiales
4170464	o_Burkholderiales
252876	o_Burkholderiales
766306	o_Burkholderiales
99309	o_Burkholderiales
4254478	o_Burkholderiales
251465	o_Burkholderiales
1138772	o_Burkholderiales
4450317	o_Burkholderiales
317724	o_Burkholderiales
2655357	o_Burkholderiales
New.ReferenceOTU24660	o_Rhodospirillales
4305857	o_Rhodospirillales
524595	o_Legionellales
8028	o_Legionellales
218539	o_Rhizobiales
657718	o_Rhizobiales
136162	o_Rhizobiales
4342107	o_Rhizobiales
53533	o_Rhizobiales
112992	o_Rhizobiales
3667538	o_Rhizobiales
319907	o_Rhizobiales
834138	o_Burkholderiales
1143820	o_Burkholderiales
1634029	o_Burkholderiales
228077	o_Burkholderiales
4479347	o_Burkholderiales
719367	o_Burkholderiales
322506	o_Burkholderiales
2440020	o_Burkholderiales
1131789	o_Burkholderiales
4315250	o_Burkholderiales
82365	o_Burkholderiales
4315164	o_Burkholderiales
4332795	o_Burkholderiales
812021	o_Burkholderiales
1136510	o_Burkholderiales
666785	o_Rhodocyclales
4321860	o_Rhodobacterales
27188	o_Rhodobacterales
4441793	o_Rhodobacterales
240664	o_Rhodobacterales
4343658	o_Rhodobacterales
267759	o_Rhodobacterales
1126359	o_Rhodobacterales
2194878	o_Rhodobacterales
4422568	o_Rhodobacterales
256783	o_Rhodobacterales
4354415	o_Rhodobacterales
4333746	o_Rhodobacterales
4480061	o_Rhodobacterales
683891	o_Rhodobacterales
704995	o_Rhodobacterales
5784	o_Rhodobacterales
543416	o_Rhodobacterales
321409	o_Rhodobacterales
656520	o_Rhodobacterales
83643	o_Rhodobacterales
5803	o_Rhodobacterales
533002	o_Rhodobacterales
4332298	o_Rhodobacterales
4300152	o_Rhodobacterales
831098	o_Rhodobacterales
783224	o_Rhodobacterales
201726	o_Rhodobacterales
815293	o_Rhodobacterales
579465	o_Rhodobacterales
220866	o_Rhodobacterales
5364	o_Rhizobiales
580077	o_Alteromonadales
1148345	o_Burkholderiales
136025	o_Burkholderiales
4457728	o_Xanthomonadales
147321	o_Clostridiales
226126	o_Pseudanabaenales
1105975	o_Pseudanabaenales
355578	o_Erysipelotrichales
167215	o_Clostridiales
4307444	o_Clostridiales
950620	o_Verrucomicrobiales
516569	o_Verrucomicrobiales
4468331	o_Verrucomicrobiales
4471434	o_Verrucomicrobiales
New.ReferenceOTU4978	o_Verrucomicrobiales
4338742	o_Bacteroidales
4436552	o_Bacteroidales
4318208	o_Bacteroidales
180825	o_Bacteroidales
New.ReferenceOTU43626	o_Bacteroidales
New.ReferenceOTU57002	o_Bacteroidales
1013234	o_Bacteroidales
326482	o_Bacteroidales
22466	o_Bacteroidales
43544	o_Bacteroidales
70217	o_Bacteroidales
New.ReferenceOTU41299	o_Bacteroidales
818959	o_Bacteroidales
4410166	o_Bacteroidales
4457829	o_Burkholderiales
3701019	o_Burkholderiales
2045262	o_Burkholderiales
509575	o_Burkholderiales
324890	o_Burkholderiales
New.ReferenceOTU51469	o_Burkholderiales
2194871	o_Burkholderiales
310202	o_Burkholderiales
352838	o_Burkholderiales
New.ReferenceOTU25564	o_Burkholderiales
3529365	o_Burkholderiales
New.ReferenceOTU3578	o_Burkholderiales
New.ReferenceOTU40822	o_Burkholderiales
New.ReferenceOTU34350	o_Burkholderiales
New.ReferenceOTU41615	o_Burkholderiales
New.ReferenceOTU55539	o_Burkholderiales
2489145	o_Burkholderiales
New.ReferenceOTU57460	o_Burkholderiales
New.ReferenceOTU2367	o_Burkholderiales
New.ReferenceOTU40158	o_Burkholderiales
New.ReferenceOTU31141	o_Burkholderiales
354306	o_Burkholderiales
New.ReferenceOTU46066	o_Burkholderiales
New.ReferenceOTU42903	o_Burkholderiales
New.ReferenceOTU7708	o_Burkholderiales
New.ReferenceOTU54550	o_Burkholderiales
New.ReferenceOTU37314	o_Burkholderiales
New.ReferenceOTU29666	o_Burkholderiales
New.ReferenceOTU13665	o_Burkholderiales
New.ReferenceOTU30361	o_Burkholderiales
304787	o_Burkholderiales
New.ReferenceOTU42224	o_Burkholderiales
New.ReferenceOTU11373	o_Burkholderiales
New.ReferenceOTU58086	o_Burkholderiales
New.ReferenceOTU39857	o_Burkholderiales
4472112	o_Burkholderiales
4418677	o_Burkholderiales
New.ReferenceOTU57121	o_Burkholderiales
79659	o_Burkholderiales
142376	o_Burkholderiales
4456068	o_Burkholderiales
2792168	o_Burkholderiales
211171	o_Burkholderiales
4411183	o_Burkholderiales
86562	o_Burkholderiales
84980	o_Burkholderiales
805093	o_Burkholderiales
New.ReferenceOTU1569	o_Burkholderiales
4349320	o_Burkholderiales
4482769	o_Rhizobiales
4387400	o_Oscillatoriales
722441	o_Planctomycetales
New.ReferenceOTU13650	o_Planctomycetales
542548	o_Planctomycetales
New.ReferenceOTU26857	o_Planctomycetales
591693	o_Planctomycetales
4348892	o_Planctomycetales
4407152	o_Planctomycetales
267819	o_Planctomycetales
4414056	o_Planctomycetales
551223	o_Planctomycetales
New.ReferenceOTU51165	o_Planctomycetales
New.ReferenceOTU14133	o_Planctomycetales
2788507	o_Planctomycetales
New.ReferenceOTU9307	o_Planctomycetales
New.ReferenceOTU19512	o_Planctomycetales
New.ReferenceOTU453	o_Planctomycetales
New.ReferenceOTU23476	o_Planctomycetales
551250	o_Planctomycetales
New.ReferenceOTU36171	o_Planctomycetales
New.ReferenceOTU56370	o_Pirellulales
389854	o_Caulobacterales
541299	o_Caulobacterales
216823	o_Caulobacterales
826124	o_Caulobacterales
4375328	o_Caulobacterales
4311621	o_Clostridiales
3138798	o_Clostridiales
New.ReferenceOTU26471	o_Synechococcales
110215	o_Burkholderiales
796865	o_Burkholderiales
4305160	o_Burkholderiales
43917	o_Burkholderiales
New.ReferenceOTU28192	o_Rhodobacterales
New.ReferenceOTU58578	o_Rhodobacterales
New.ReferenceOTU9416	o_Rhodobacterales
New.ReferenceOTU40717	o_Rhodobacterales
New.ReferenceOTU58738	o_Rhodobacterales
New.ReferenceOTU37070	o_Rhodobacterales
New.ReferenceOTU49102	o_Rhodobacterales
4344483	o_Rhodobacterales
New.ReferenceOTU11204	o_Rhodobacterales
New.ReferenceOTU45936	o_Rhodobacterales
New.ReferenceOTU36438	o_Rhodobacterales
4003061	o_Bacteroidales
590243	o_Bacteroidales
4415163	o_Bacteroidales
660477	o_Bacteroidales
42642	o_Bacillales
355450	o_Clostridiales
40149	o_Clostridiales
193171	o_Clostridiales
4379512	o_Opitutales
592129	o_Opitutales
1137563	o_Opitutales
357366	o_Sphingomonadales
2313705	o_Sphingomonadales
213088	o_Sphingomonadales
New.ReferenceOTU55478	o_Sphingomonadales
3259009	o_Sphingomonadales
89388	o_Sphingomonadales
620189	o_Sphingomonadales
4381473	o_Sphingomonadales
306710	o_Sphingomonadales
New.ReferenceOTU1714	o_Sphingomonadales
199962	o_Sphingomonadales
2662591	o_Sphingomonadales
New.ReferenceOTU36457	o_Sphingomonadales
New.ReferenceOTU14436	o_Sphingomonadales
4331815	o_Sphingomonadales
1129599	o_Sphingomonadales
151894	o_Sphingomonadales
3900312	o_Sphingomonadales
635323	o_Sphingomonadales
1142742	o_Sphingomonadales
New.ReferenceOTU29658	o_Sphingomonadales
580916	o_Sphingomonadales
581763	o_Sphingomonadales
435628	o_Sphingomonadales
513803	o_Sphingomonadales
New.ReferenceOTU51056	o_Sphingomonadales
New.ReferenceOTU38537	o_Sphingomonadales
New.ReferenceOTU12984	o_Sphingomonadales
New.ReferenceOTU4525	o_Sphingomonadales
92490	o_Sphingomonadales
New.ReferenceOTU20228	o_Sphingomonadales
4318801	o_Sphingomonadales
4457555	o_Sphingomonadales
127870	o_Sphingomonadales
692472	o_Sphingomonadales
668105	o_Sphingomonadales
New.ReferenceOTU33387	o_Gemmatales
4460870	o_Nitrospirales
328951	o_Nitrospirales
4329000	o_Nitrospirales
234394	o_Saprospirales
688993	o_Actinomycetales
3694822	o_Actinomycetales
546972	o_Actinomycetales
4413494	o_Actinomycetales
191698	o_Actinomycetales
New.ReferenceOTU33660	o_Actinomycetales
2651333	o_Actinomycetales
4390723	o_Actinomycetales
New.ReferenceOTU28204	o_Actinomycetales
735466	o_Actinomycetales
New.ReferenceOTU37339	o_Actinomycetales
New.ReferenceOTU27763	o_Actinomycetales
386554	o_Actinomycetales
New.ReferenceOTU47200	o_Actinomycetales
13074	o_Actinomycetales
3704350	o_Chroococcales
4351168	o_Chroococcales
4424415	o_Rhodocyclales
4356131	o_Methylophilales
4413869	o_Methylophilales
143663	o_Methylophilales
4428924	o_Methylophilales
306546	o_Methylophilales
222554	o_Methylophilales
579018	o_Methylophilales
New.ReferenceOTU21862	o_Methylophilales
701385	o_Rhizobiales
4357886	o_Rhizobiales
1120835	o_Rhizobiales
New.ReferenceOTU25511	o_Rhizobiales
New.ReferenceOTU35633	o_Rhizobiales
New.ReferenceOTU17838	o_Rhizobiales
New.ReferenceOTU36136	o_Rhizobiales
538998	o_Rhizobiales
New.ReferenceOTU24146	o_Rhizobiales
New.ReferenceOTU24704	o_Rhizobiales
New.ReferenceOTU32909	o_Rhizobiales
New.ReferenceOTU38203	o_Rhizobiales
New.ReferenceOTU24830	o_Rhizobiales
New.ReferenceOTU21807	o_Rhizobiales
New.ReferenceOTU52183	o_Rhizobiales
New.ReferenceOTU33687	o_Rhizobiales
New.ReferenceOTU13012	o_Rhizobiales
161421	o_Methylococcales
New.ReferenceOTU54591	o_Methylococcales
4456312	o_Methylococcales
New.ReferenceOTU50887	o_Methylococcales
New.ReferenceOTU15274	o_Methylococcales
4453395	o_Methylococcales
105470	o_Rhizobiales
4418260	o_Burkholderiales
1673321	o_Burkholderiales
4396454	o_Burkholderiales
79085	o_Burkholderiales
814704	o_Burkholderiales
518380	o_Burkholderiales
4386631	o_Burkholderiales
704462	o_Burkholderiales
New.ReferenceOTU38357	o_Burkholderiales
3528445	o_Methanobacteriales
108525	o_Methanomicrobiales
847094	o_Methanobacteriales
842598	o_Methanobacteriales
510320	o_Rhizobiales
219064	o_Clostridiales
812835	o_Sphingomonadales
985179	o_Sphingomonadales
162725	o_Sphingomonadales
2394146	o_Sphingomonadales
New.ReferenceOTU10841	o_Sphingomonadales
New.ReferenceOTU8100	o_Sphingomonadales
New.ReferenceOTU52628	o_Sphingomonadales
New.ReferenceOTU38028	o_Sphingomonadales
New.ReferenceOTU23951	o_Sphingomonadales
4389007	o_Verrucomicrobiales
145278	o_Verrucomicrobiales
818177	o_Verrucomicrobiales
807200	o_Verrucomicrobiales
104164	o_Verrucomicrobiales
4429771	o_Burkholderiales
315609	o_Burkholderiales
4362165	o_Burkholderiales
613196	o_Burkholderiales
334386	o_Burkholderiales
36075	o_Burkholderiales
348395	o_Burkholderiales
243487	o_Burkholderiales
3235430	o_Burkholderiales
353491	o_Burkholderiales
4483490	o_Burkholderiales
1039594	o_Burkholderiales
339773	o_Burkholderiales
341259	o_Burkholderiales
4424705	o_Burkholderiales
349828	o_Burkholderiales
1106324	o_Burkholderiales
576785	o_Burkholderiales
144640	o_Burkholderiales
855118	o_Burkholderiales
1011210	o_Burkholderiales
914789	o_Burkholderiales
846104	o_Burkholderiales
327583	o_Burkholderiales
791738	o_Burkholderiales
141709	o_Burkholderiales
343608	o_Burkholderiales
582007	o_Burkholderiales
124653	o_Burkholderiales
343557	o_Burkholderiales
549030	o_Burkholderiales
343239	o_Burkholderiales
232319	o_Burkholderiales
150491	o_Burkholderiales
26311	o_Actinomycetales
4452118	o_Burkholderiales
974797	o_Burkholderiales
721703	o_Burkholderiales
250274	o_Burkholderiales
New.ReferenceOTU14926	o_Burkholderiales
147181	o_Legionellales
4362183	o_Legionellales
838066	o_Legionellales
913174	o_Cytophagales
1100972	o_Lactobacillales
1130824	o_Lactobacillales
830659	o_Lactobacillales
703741	o_Lactobacillales
242917	o_Lactobacillales
47365	o_Lactobacillales
4300206	o_Lactobacillales
4315658	o_Lactobacillales
3509162	o_Saprospirales
New.ReferenceOTU6382	o_Burkholderiales
New.ReferenceOTU48605	o_Burkholderiales
New.ReferenceOTU29368	o_Burkholderiales
New.ReferenceOTU51135	o_Burkholderiales
2371693	o_Rhodocyclales
1634026	o_Rhodocyclales
813906	o_Rhodocyclales
New.ReferenceOTU49656	o_Rhodocyclales
New.ReferenceOTU16613	o_Rhodocyclales
New.ReferenceOTU55399	o_Rhodocyclales
New.ReferenceOTU30332	o_Rhodocyclales
New.ReferenceOTU1934	o_Rhodocyclales
New.ReferenceOTU38593	o_Rhodocyclales
824146	o_Sphingomonadales
4333969	o_Rhodocyclales
4480952	o_Burkholderiales
4362775	o_Rhizobiales
4453998	o_Burkholderiales
New.ReferenceOTU2097	o_Burkholderiales
New.ReferenceOTU19777	o_Burkholderiales
1144006	o_Burkholderiales
4044599	o_Burkholderiales
888396	o_Burkholderiales
1111636	o_Burkholderiales
New.ReferenceOTU9810	o_Burkholderiales
New.ReferenceOTU47669	o_Burkholderiales
1106349	o_Burkholderiales
2641602	o_Burkholderiales
4430221	o_Burkholderiales
6955	o_Burkholderiales
4422142	o_Burkholderiales
2725587	o_Burkholderiales
4320368	o_Burkholderiales
1141745	o_Burkholderiales
1117069	o_Burkholderiales
4451302	o_Burkholderiales
4408387	o_Burkholderiales
436550	o_Burkholderiales
530377	o_Burkholderiales
1145138	o_Burkholderiales
790567	o_Burkholderiales
647775	o_Burkholderiales
542136	o_Burkholderiales
1708706	o_Burkholderiales
261198	o_Burkholderiales
New.ReferenceOTU590	o_Burkholderiales
144875	o_Burkholderiales
815406	o_Burkholderiales
4329804	o_Burkholderiales
New.ReferenceOTU18699	o_Burkholderiales
4476648	o_Burkholderiales
New.ReferenceOTU45772	o_Burkholderiales
New.ReferenceOTU27656	o_Burkholderiales
584580	o_Burkholderiales
New.ReferenceOTU39783	o_Burkholderiales
4414951	o_Burkholderiales
New.ReferenceOTU28129	o_Burkholderiales
745122	o_Burkholderiales
4306063	o_Burkholderiales
New.ReferenceOTU43370	o_Burkholderiales
696536	o_Burkholderiales
4429445	o_Burkholderiales
136160	o_Burkholderiales
140359	o_Burkholderiales
4351336	o_Burkholderiales
254938	o_Burkholderiales
4377697	o_Burkholderiales
1126763	o_Burkholderiales
New.ReferenceOTU1439	o_Burkholderiales
New.ReferenceOTU10202	o_Burkholderiales
New.ReferenceOTU25610	o_Burkholderiales
New.ReferenceOTU4102	o_Burkholderiales
New.ReferenceOTU20212	o_Burkholderiales
New.ReferenceOTU49805	o_Burkholderiales
New.ReferenceOTU44290	o_Burkholderiales
New.ReferenceOTU474	o_Burkholderiales
New.ReferenceOTU18976	o_Burkholderiales
New.ReferenceOTU57162	o_Burkholderiales
4469355	o_Burkholderiales
New.ReferenceOTU37048	o_Burkholderiales
New.ReferenceOTU17078	o_Burkholderiales
New.ReferenceOTU39078	o_Burkholderiales
New.ReferenceOTU26730	o_Burkholderiales
New.ReferenceOTU36053	o_Burkholderiales
New.ReferenceOTU51371	o_Burkholderiales
New.ReferenceOTU21853	o_Burkholderiales
New.ReferenceOTU50459	o_Burkholderiales
New.ReferenceOTU1397	o_Burkholderiales
New.ReferenceOTU10110	o_Burkholderiales
New.ReferenceOTU33361	o_Burkholderiales
New.ReferenceOTU57141	o_Burkholderiales
New.ReferenceOTU14390	o_Burkholderiales
New.ReferenceOTU54527	o_Burkholderiales
4354822	o_Holophagales
4361857	o_Rhodocyclales
115374	o_Desulfuromonadales
1121134	o_Desulfuromonadales
3341679	o_Gemmatimonadales
4269868	o_Gemmatimonadales
270724	o_Clostridiales
314752	o_Flavobacteriales
1114448	o_Flavobacteriales
702999	o_Flavobacteriales
153856	o_Flavobacteriales
568025	o_Flavobacteriales
20456	o_Flavobacteriales
439462	o_Flavobacteriales
New.ReferenceOTU4006	o_Flavobacteriales
New.ReferenceOTU57590	o_Flavobacteriales
640461	o_Flavobacteriales
650001	o_Flavobacteriales
706881	o_Flavobacteriales
New.ReferenceOTU41986	o_Flavobacteriales
351352	o_Flavobacteriales
2255	o_Flavobacteriales
325694	o_Flavobacteriales
646052	o_Flavobacteriales
160084	o_Flavobacteriales
4326967	o_Flavobacteriales
684965	o_Flavobacteriales
4343746	o_Flavobacteriales
New.ReferenceOTU9024	o_Flavobacteriales
New.ReferenceOTU22786	o_Flavobacteriales
New.ReferenceOTU18872	o_Flavobacteriales
567259	o_Cytophagales
539293	o_Cytophagales
659078	o_Cytophagales
New.ReferenceOTU44115	o_Cytophagales
77560	o_Cytophagales
New.ReferenceOTU43726	o_Cytophagales
99774	o_Flavobacteriales
4438548	o_Flavobacteriales
334370	o_Flavobacteriales
683853	o_Flavobacteriales
1574901	o_Flavobacteriales
627587	o_Flavobacteriales
2190672	o_Flavobacteriales
1124273	o_Flavobacteriales
4400096	o_Flavobacteriales
347847	o_Flavobacteriales
565425	o_Flavobacteriales
264229	o_Flavobacteriales
44265	o_Flavobacteriales
2242061	o_Flavobacteriales
New.ReferenceOTU19398	o_Flavobacteriales
486195	o_Flavobacteriales
4324048	o_Flavobacteriales
3981263	o_Flavobacteriales
1574711	o_Flavobacteriales
710745	o_Flavobacteriales
New.ReferenceOTU52852	o_Flavobacteriales
1138568	o_Flavobacteriales
1059509	o_Flavobacteriales
4400097	o_Flavobacteriales
1134389	o_Flavobacteriales
1115572	o_Flavobacteriales
4481484	o_Flavobacteriales
324677	o_Flavobacteriales
662742	o_Flavobacteriales
760914	o_Flavobacteriales
4385507	o_Flavobacteriales
4354769	o_Flavobacteriales
574039	o_Flavobacteriales
1116398	o_Flavobacteriales
4459206	o_Flavobacteriales
140859	o_Flavobacteriales
151117	o_Flavobacteriales
461206	o_Flavobacteriales
142257	o_Flavobacteriales
3259008	o_Flavobacteriales
313734	o_Flavobacteriales
New.ReferenceOTU53739	o_Flavobacteriales
1021754	o_Flavobacteriales
New.ReferenceOTU1191	o_Flavobacteriales
583388	o_Flavobacteriales
241971	o_Flavobacteriales
New.ReferenceOTU20335	o_Flavobacteriales
1078167	o_Flavobacteriales
New.ReferenceOTU36181	o_Flavobacteriales
744207	o_Flavobacteriales
4309182	o_Flavobacteriales
New.ReferenceOTU14409	o_Flavobacteriales
1980966	o_Flavobacteriales
207627	o_Flavobacteriales
682736	o_Flavobacteriales
749918	o_Flavobacteriales
New.ReferenceOTU11893	o_Flavobacteriales
367523	o_Flavobacteriales
99956	o_Flavobacteriales
1134918	o_Flavobacteriales
3480257	o_Flavobacteriales
New.ReferenceOTU33507	o_Flavobacteriales
256046	o_Flavobacteriales
690451	o_Flavobacteriales
1105780	o_Flavobacteriales
4469075	o_Flavobacteriales
New.ReferenceOTU19879	o_Flavobacteriales
New.ReferenceOTU31306	o_Flavobacteriales
143021	o_Flavobacteriales
4386461	o_Flavobacteriales
New.ReferenceOTU11771	o_Flavobacteriales
New.ReferenceOTU35179	o_Flavobacteriales
141447	o_Flavobacteriales
963825	o_Flavobacteriales
158263	o_Flavobacteriales
New.ReferenceOTU20568	o_Flavobacteriales
New.ReferenceOTU42578	o_Flavobacteriales
New.ReferenceOTU50248	o_Flavobacteriales
New.ReferenceOTU42540	o_Flavobacteriales
New.ReferenceOTU57784	o_Flavobacteriales
New.ReferenceOTU49451	o_Flavobacteriales
84602	o_Flavobacteriales
3436263	o_Flavobacteriales
4370361	o_Saprospirales
193122	o_Fimbriimonadales
240170	o_Fibrobacterales
186772	o_Clostridiales
179482	o_Clostridiales
4381430	o_Clostridiales
4482377	o_Lactobacillales
910853	o_Lactobacillales
4425571	o_Enterobacteriales
4391560	o_Sphingomonadales
205122	o_Sphingomonadales
New.ReferenceOTU50612	o_Sphingomonadales
290240	o_Clostridiales
823916	o_Pseudomonadales
New.ReferenceOTU14690	o_Pseudomonadales
4362005	o_Cytophagales
3480259	o_Cytophagales
236066	o_Cytophagales
New.ReferenceOTU26459	o_Cytophagales
New.ReferenceOTU2178	o_Cytophagales
527415	o_Burkholderiales
310563	o_Burkholderiales
533886	o_Burkholderiales
513449	o_Burkholderiales
4378776	o_Rhizobiales
573013	o_Rhizobiales
686615	o_Rhizobiales
809658	o_Desulfovibrionales
136015	o_Burkholderiales
4397479	o_Deinococcales
4423471	o_Rhodocyclales
3230745	o_Rhodocyclales
1108652	o_Rhodocyclales
4379980	o_Rhodocyclales
4432759	o_Rhodocyclales
634077	o_Rhodocyclales
1105514	o_Rhodocyclales
4389649	o_Rhodocyclales
783508	o_Rhodocyclales
4377484	o_Rhodocyclales
4323609	o_Rhodocyclales
6693	o_Rhodocyclales
851154	o_Rhodocyclales
1141669	o_Rhodocyclales
4388772	o_Rhodocyclales
4460354	o_Rhodocyclales
219420	o_Rhodocyclales
626739	o_Rhodocyclales
4339819	o_Rhodocyclales
1624	o_Chthoniobacterales
New.ReferenceOTU31361	o_Burkholderiales
784002	o_Burkholderiales
New.ReferenceOTU48228	o_Burkholderiales
New.ReferenceOTU41530	o_Burkholderiales
New.ReferenceOTU53562	o_Burkholderiales
New.ReferenceOTU20410	o_Burkholderiales
4353038	o_Methylococcales
584193	o_Methylococcales
1008869	o_Methylococcales
3396094	o_Actinomycetales
211156	o_Actinomycetales
50265	o_Actinomycetales
1117593	o_Burkholderiales
4328104	o_Burkholderiales
699206	o_Burkholderiales
71872	o_Burkholderiales
750840	o_Burkholderiales
281873	o_Burkholderiales
700885	o_Burkholderiales
4344571	o_Burkholderiales
808203	o_Burkholderiales
2355011	o_Burkholderiales
30168	o_Burkholderiales
4322320	o_Burkholderiales
738264	o_Burkholderiales
3488180	o_Burkholderiales
4400482	o_Clostridiales
174960	o_Clostridiales
2225203	o_Clostridiales
847670	o_Clostridiales
301226	o_Clostridiales
New.ReferenceOTU54233	o_Clostridiales
211947	o_Clostridiales
New.ReferenceOTU9888	o_Clostridiales
4336516	o_Clostridiales
668499	o_Clostridiales
New.ReferenceOTU43379	o_Clostridiales
138056	o_Clostridiales
New.ReferenceOTU56800	o_Clostridiales
New.ReferenceOTU54353	o_Clostridiales
4380971	o_Clostridiales
New.ReferenceOTU2781	o_Clostridiales
287558	o_Clostridiales
New.ReferenceOTU51939	o_Clostridiales
New.ReferenceOTU55447	o_Clostridiales
4452632	o_Clostridiales
New.ReferenceOTU39350	o_Clostridiales
238205	o_Clostridiales
New.ReferenceOTU20193	o_Clostridiales
828483	o_Clostridiales
178657	o_Clostridiales
316014	o_Clostridiales
New.ReferenceOTU58337	o_Clostridiales
106334	o_Clostridiales
300880	o_Clostridiales
New.ReferenceOTU4504	o_Clostridiales
New.ReferenceOTU16956	o_Clostridiales
New.ReferenceOTU57466	o_Clostridiales
New.ReferenceOTU11053	o_Clostridiales
New.ReferenceOTU1372	o_Clostridiales
New.ReferenceOTU48496	o_Clostridiales
New.ReferenceOTU42974	o_Clostridiales
3576174	o_Clostridiales
322798	o_Clostridiales
167821	o_Clostridiales
New.ReferenceOTU53955	o_Clostridiales
New.ReferenceOTU10432	o_Clostridiales
New.ReferenceOTU56442	o_Clostridiales
New.ReferenceOTU27067	o_Clostridiales
New.ReferenceOTU5826	o_Clostridiales
4407305	o_Clostridiales
New.ReferenceOTU19120	o_Clostridiales
New.ReferenceOTU46396	o_Clostridiales
271289	o_Clostridiales
1052264	o_Flavobacteriales
4154872	o_Flavobacteriales
1092833	o_Flavobacteriales
New.ReferenceOTU38118	o_Flavobacteriales
New.ReferenceOTU50110	o_Flavobacteriales
356574	o_Actinomycetales
New.ReferenceOTU18409	o_Actinomycetales
4416592	o_Actinomycetales
New.ReferenceOTU2071	o_Actinomycetales
1127976	o_Actinomycetales
4416105	o_Actinomycetales
New.ReferenceOTU32416	o_Actinomycetales
2912622	o_Neisseriales
838467	o_Fusobacteriales
4456129	o_Alteromonadales
3996107	o_Chthoniobacterales
735693	o_Chthoniobacterales
643718	o_Chthoniobacterales
826611	o_Actinomycetales
726730	o_Actinomycetales
269755	o_Actinomycetales
New.ReferenceOTU9724	o_Actinomycetales
810672	o_Actinomycetales
New.ReferenceOTU27747	o_Actinomycetales
New.ReferenceOTU3617	o_Actinomycetales
New.ReferenceOTU43405	o_Actinomycetales
New.ReferenceOTU49548	o_Actinomycetales
New.ReferenceOTU5353	o_Actinomycetales
New.ReferenceOTU13362	o_Actinomycetales
New.ReferenceOTU21854	o_Actinomycetales
New.ReferenceOTU16688	o_Actinomycetales
New.ReferenceOTU3188	o_Actinomycetales
New.ReferenceOTU52794	o_Actinomycetales
New.ReferenceOTU32488	o_Actinomycetales
New.ReferenceOTU34124	o_Actinomycetales
New.ReferenceOTU36373	o_Actinomycetales
New.ReferenceOTU40726	o_Actinomycetales
New.ReferenceOTU39020	o_Actinomycetales
New.ReferenceOTU6835	o_Actinomycetales
New.ReferenceOTU54252	o_Actinomycetales
559843	o_Actinomycetales
New.ReferenceOTU2911	o_Actinomycetales
New.ReferenceOTU44462	o_Actinomycetales
New.ReferenceOTU23839	o_Actinomycetales
New.ReferenceOTU20022	o_Actinomycetales
New.ReferenceOTU42561	o_Actinomycetales
New.ReferenceOTU42687	o_Actinomycetales
New.ReferenceOTU53301	o_Actinomycetales
New.ReferenceOTU4534	o_Actinomycetales
New.ReferenceOTU8195	o_Actinomycetales
New.ReferenceOTU12288	o_Actinomycetales
New.ReferenceOTU38810	o_Actinomycetales
New.ReferenceOTU19803	o_Actinomycetales
1110792	o_Acidobacteriales
4397257	o_Cloacamonales
3144250	o_Cloacamonales
4383820	o_Actinomycetales
153559	o_Rhodocyclales
463253	o_Rhodocyclales
149154	o_Rhodocyclales
4366724	o_Rhodocyclales
103444	o_Rhodocyclales
New.ReferenceOTU50067	o_Rhodocyclales
New.ReferenceOTU20974	o_Rhodocyclales
New.ReferenceOTU49941	o_Rhodocyclales
New.ReferenceOTU1071	o_Rhodocyclales
New.ReferenceOTU41960	o_Rhodocyclales
New.ReferenceOTU51754	o_Rhodocyclales
New.ReferenceOTU36158	o_Rhodocyclales
New.ReferenceOTU38424	o_Rhodocyclales
New.ReferenceOTU6873	o_Rhodocyclales
New.ReferenceOTU4041	o_Rhodocyclales
New.ReferenceOTU9547	o_Rhodocyclales
New.ReferenceOTU9489	o_Rhodocyclales
New.ReferenceOTU18040	o_Rhodocyclales
New.ReferenceOTU51428	o_Rhodocyclales
New.ReferenceOTU22318	o_Rhodocyclales
New.ReferenceOTU42538	o_Rhodocyclales
New.ReferenceOTU48890	o_Rhodocyclales
New.ReferenceOTU1483	o_Rhodocyclales
New.ReferenceOTU4182	o_Rhodocyclales
New.ReferenceOTU38936	o_Rhodocyclales
New.ReferenceOTU13845	o_Rhodocyclales
New.ReferenceOTU29411	o_Rhodocyclales
New.ReferenceOTU45645	o_Rhodocyclales
New.ReferenceOTU31578	o_Rhodocyclales
New.ReferenceOTU23739	o_Rhodocyclales
New.ReferenceOTU47620	o_Rhodocyclales
New.ReferenceOTU56854	o_Rhodocyclales
New.ReferenceOTU42531	o_Rhodocyclales
New.ReferenceOTU25430	o_Rhodocyclales
New.ReferenceOTU51874	o_Rhodocyclales
New.ReferenceOTU25795	o_Rhodocyclales
4456894	o_Actinomycetales
573135	o_Rhizobiales
740317	o_Rhizobiales
264416	o_Burkholderiales
704110	o_Burkholderiales
183651	o_Clostridiales
4391893	o_Bacteroidales
681357	o_Bacteroidales
3989538	o_Bacteroidales
4463892	o_Bacteroidales
365496	o_Bacteroidales
728991	o_Bacteroidales
4402960	o_Bacteroidales
3563235	o_Bacteroidales
4393172	o_Bacteroidales
2921213	o_Bacteroidales
4477551	o_Bacillales
591642	o_Bacillales
1112200	o_Bacillales
731748	o_Rhodocyclales
New.ReferenceOTU52779	o_Rhodocyclales
4467400	o_Rhodocyclales
555423	o_Campylobacterales
4466586	o_Campylobacterales
814951	o_Campylobacterales
4344584	o_Campylobacterales
New.ReferenceOTU17628	o_Campylobacterales
4170478	o_Saprospirales
1099157	o_Legionellales
1141660	o_Neisseriales
4421830	o_Burkholderiales
4468812	o_Burkholderiales
3487653	o_Burkholderiales
100791	o_Burkholderiales
343588	o_Clostridiales
817707	o_Rhodobacterales
731367	o_Clostridiales
588869	o_Clostridiales
2815574	o_Pseudomonadales
1852120	o_Pseudomonadales
213772	o_Burkholderiales
4389705	o_Burkholderiales
252822	o_Rhizobiales
574749	o_Rhizobiales
3528451	o_Pseudomonadales
255671	o_Lactobacillales
4449456	o_Pseudomonadales
247695	o_Pseudomonadales
4341099	o_Pseudomonadales
103411	o_Pseudomonadales
960682	o_Pseudomonadales
New.ReferenceOTU4755	o_Pseudomonadales
4333705	o_Pseudomonadales
360440	o_Pseudomonadales
161677	o_Pseudomonadales
270659	o_Pseudomonadales
179208	o_Pseudomonadales
159711	o_Pseudomonadales
219151	o_Pseudomonadales
290186	o_Pseudomonadales
4361528	o_Pseudomonadales
4422794	o_Pseudomonadales
388951	o_Pseudomonadales
873972	o_Pseudomonadales
4421341	o_Pseudomonadales
4425634	o_Pseudomonadales
515265	o_Pseudomonadales
192795	o_Pseudomonadales
381296	o_Pseudomonadales
3109779	o_Pseudomonadales
New.ReferenceOTU2060	o_Pseudomonadales
4334053	o_Pseudomonadales
New.ReferenceOTU31017	o_Pseudomonadales
New.ReferenceOTU29873	o_Pseudomonadales
1085703	o_Pseudomonadales
New.ReferenceOTU20415	o_Pseudomonadales
New.ReferenceOTU43643	o_Pseudomonadales
New.ReferenceOTU7687	o_Pseudomonadales
New.ReferenceOTU36820	o_Pseudomonadales
4315641	o_Burkholderiales
74685	o_Burkholderiales
4325011	o_Burkholderiales
New.ReferenceOTU56486	o_Burkholderiales
New.ReferenceOTU15338	o_Burkholderiales
New.ReferenceOTU16541	o_Burkholderiales
New.ReferenceOTU38477	o_Burkholderiales
4377842	o_Burkholderiales
New.ReferenceOTU40210	o_Burkholderiales
New.ReferenceOTU32524	o_Burkholderiales
New.ReferenceOTU25436	o_Burkholderiales
New.ReferenceOTU10253	o_Burkholderiales
New.ReferenceOTU33022	o_Burkholderiales
New.ReferenceOTU2961	o_Burkholderiales
New.ReferenceOTU12969	o_Burkholderiales
New.ReferenceOTU40531	o_Burkholderiales
New.ReferenceOTU21561	o_Burkholderiales
New.ReferenceOTU56007	o_Burkholderiales
New.ReferenceOTU18057	o_Burkholderiales
New.ReferenceOTU36667	o_Burkholderiales
New.ReferenceOTU38049	o_Burkholderiales
New.ReferenceOTU50645	o_Burkholderiales
New.ReferenceOTU28843	o_Burkholderiales
New.ReferenceOTU27237	o_Burkholderiales
New.ReferenceOTU31679	o_Burkholderiales
New.ReferenceOTU20133	o_Burkholderiales
New.ReferenceOTU50309	o_Burkholderiales
New.ReferenceOTU39341	o_Burkholderiales
New.ReferenceOTU13801	o_Burkholderiales
4417996	o_Burkholderiales
New.ReferenceOTU51339	o_Burkholderiales
New.ReferenceOTU50244	o_Burkholderiales
New.ReferenceOTU37916	o_Burkholderiales
New.ReferenceOTU45202	o_Burkholderiales
New.ReferenceOTU6234	o_Burkholderiales
New.ReferenceOTU15855	o_Burkholderiales
New.ReferenceOTU37835	o_Burkholderiales
New.ReferenceOTU5103	o_Burkholderiales
New.ReferenceOTU35096	o_Burkholderiales
New.ReferenceOTU48359	o_Burkholderiales
New.ReferenceOTU31825	o_Burkholderiales
New.ReferenceOTU20522	o_Burkholderiales
New.ReferenceOTU57903	o_Burkholderiales
New.ReferenceOTU33327	o_Burkholderiales
New.ReferenceOTU35579	o_Burkholderiales
New.ReferenceOTU49132	o_Burkholderiales
New.ReferenceOTU17413	o_Burkholderiales
New.ReferenceOTU40642	o_Burkholderiales
208621	o_Pirellulales
4470114	o_Clostridiales
179018	o_Erysipelotrichales
197105	o_Erysipelotrichales